SWITCH 1//////////////////////////////////////////////////////////////////////

Switch>enable
Switch#config t
Enter configuration commands, one per line.  End with CNTL/Z.
Switch(config)#interface fastEthernet 0/2
Switch(config-if)#switchport mode access
Switch(config-if)#switchport access vlan1
                                        ^
% Invalid input detected at '^' marker.
	
Switch(config-if)#switchport access vlan1
                                        ^
% Invalid input detected at '^' marker.
	
Switch(config-if)#switchport access vlan 1
Switch(config-if)#interface fastEthernet 0/3
Switch(config-if)#switchport mode access
Switch(config-if)#switchport access vlan 1
Switch(config-if)#interface fastEthernet 0/4
Switch(config-if)#switchport mode access
Switch(config-if)#switchport access vlan 2
% Access VLAN does not exist. Creating vlan 2
Switch(config-if)#interface fastEthernet 0/1
Switch(config-if)#switchport mode trunk
Switch(config-if)#switchport nonegotiate
Switch(config-if)#switchport trunk allowed vlan 1-3
Switch(config-if)#exit
Switch(config)#exit
Switch#
%SYS-5-CONFIG_I: Configured from console by console

Switch#copy running-config startup-config
Destination filename [startup-config]? 
Building configuration...
[OK]
Switch#

SWITCH 2//////////////////////////////////////////////////////////////////////

Switch>enable
Switch#config t
Enter configuration commands, one per line.  End with CNTL/Z.
Switch(config)#interface fastEthernet 0/2
Switch(config-if)#switchport mode access
Switch(config-if)#switchport access vlan 2
% Access VLAN does not exist. Creating vlan 2
Switch(config-if)#interface fastEthernet 0/3
Switch(config-if)#switchport mode access
Switch(config-if)#switchport access vlan 2
Switch(config-if)#interface fastEthernet 0/4
Switch(config-if)#switchport mode access
Switch(config-if)#switchport access vlan 1
Switch(config-if)#interface fastEthernet 0/1
Switch(config-if)#switchport mode trunk

Switch(config-if)#
%LINEPROTO-5-UPDOWN: Line protocol on Interface FastEthernet0/1, changed state to down

%LINEPROTO-5-UPDOWN: Line protocol on Interface FastEthernet0/1, changed state to up

Switch(config-if)#switchport nonegotiate
Switch(config-if)#switchport trunk allowed vlan 1-3
Switch(config-if)#exit
Switch(config)#exit
Switch#
%SYS-5-CONFIG_I: Configured from console by console

Switch#copy running-config startup-config
Destination filename [startup-config]? 
Building configuration...
[OK]
Switch#

SWITCH 1 RE HECHO ////////////////////////////////////////////////
Switch>enable
Switch#config t
Enter configuration commands, one per line.  End with CNTL/Z.
Switch(config)#interface fastEthernet 0/2
Switch(config-if)#switchport mode access
Switch(config-if)##switchport access vlan 2
                  ^
% Invalid input detected at '^' marker.
	
Switch(config-if)#switchport access vlan 2
Switch(config-if)#interface fastEthernet 0/3
Switch(config-if)#switchport mode access
Switch(config-if)#switchport access vlan 2
Switch(config-if)#interface fastEthernet 0/4
Switch(config-if)#switchport mode access
Switch(config-if)#switchport access vlan 3
% Access VLAN does not exist. Creating vlan 3
Switch(config-if)#interface fastEthernet 0/1
Switch(config-if)#switchport mode trunk
Switch(config-if)#switchport nonegotiate
Switch(config-if)#switchport trunk allowed vlan 1-4
Switch(config-if)#exit
Switch(config)#exit
Switch#
%SYS-5-CONFIG_I: Configured from console by console

Switch#copy running-config startup-config
Destination filename [startup-config]? 
Building configuration...
[OK]
Switch#

SWITCH 2 RE HECHO ////////////////////////////////////////////////

Switch>enable
Switch#config t
Enter configuration commands, one per line.  End with CNTL/Z.
Switch(config)#interface fastEthernet 0/2
Switch(config-if)#switchport mode access
Switch(config-if)#switchport access vlan 3
% Access VLAN does not exist. Creating vlan 3
Switch(config-if)#interface fastEthernet 0/3
Switch(config-if)#switchport mode access
Switch(config-if)#switchport access vlan 3
Switch(config-if)#interface fastEthernet 0/4
Switch(config-if)#switchport mode access
Switch(config-if)#switchport access vlan 2
Switch(config-if)#interface fastEthernet 0/1
Switch(config-if)#switchport mode trunk
Switch(config-if)#switchport nonegotiate
Switch(config-if)#switchport trunk allowed vlan 1-4
Switch(config-if)#exit
Switch(config)#exit
Switch#
%SYS-5-CONFIG_I: Configured from console by console

Switch#copy running-config startup-config
Destination filename [startup-config]? 
Building configuration...
[OK]
Switch#